// Jest Snapshot v1, https://goo.gl/fbAQLP

exports[`multiple sizes 1`] = `
Object {
  "height": 450,
  "images": Array [
    Object {
      "height": 450,
      "path": "foobar/9a7bdeb1304946f1fcd4a691409f286a-500.jpg",
      "width": 500,
    },
    Object {
      "height": 900,
      "path": "foobar/d86a05082a1951c67af20f0b453ff981-1000.jpg",
      "width": 1000,
    },
  ],
  "placeholder": undefined,
  "src": "foobar/9a7bdeb1304946f1fcd4a691409f286a-500.jpg",
  "srcSet": "foobar/9a7bdeb1304946f1fcd4a691409f286a-500.jpg 500w,foobar/d86a05082a1951c67af20f0b453ff981-1000.jpg 1000w",
  "toString": [Function],
  "width": 500,
}
`;

exports[`output first resized image height & width 1`] = `
Object {
  "height": 450,
  "images": Array [
    Object {
      "height": 450,
      "path": "foobar/9a7bdeb1304946f1fcd4a691409f286a-500.jpg",
      "width": 500,
    },
  ],
  "placeholder": undefined,
  "src": "foobar/9a7bdeb1304946f1fcd4a691409f286a-500.jpg",
  "srcSet": "foobar/9a7bdeb1304946f1fcd4a691409f286a-500.jpg 500w",
  "toString": [Function],
  "width": 500,
}
`;

exports[`output should be relative to context 1`] = `
Object {
  "height": 450,
  "images": Array [
    Object {
      "height": 450,
      "path": "foobar/test/9a7bdeb1304946f1fcd4a691409f286a-500.jpg",
      "width": 500,
    },
    Object {
      "height": 675,
      "path": "foobar/test/039c81f20aade648de7268c09c91d44d-750.jpg",
      "width": 750,
    },
    Object {
      "height": 900,
      "path": "foobar/test/d86a05082a1951c67af20f0b453ff981-1000.jpg",
      "width": 1000,
    },
  ],
  "placeholder": undefined,
  "src": "foobar/test/9a7bdeb1304946f1fcd4a691409f286a-500.jpg",
  "srcSet": "foobar/test/9a7bdeb1304946f1fcd4a691409f286a-500.jpg 500w,foobar/test/039c81f20aade648de7268c09c91d44d-750.jpg 750w,foobar/test/d86a05082a1951c67af20f0b453ff981-1000.jpg 1000w",
  "toString": [Function],
  "width": 500,
}
`;

exports[`png 1`] = `
Object {
  "height": 580,
  "images": Array [
    Object {
      "height": 580,
      "path": "foobar/4b6e91e70566b89e601240baf603a350-500.png",
      "width": 500,
    },
    Object {
      "height": 595,
      "path": "foobar/f677a14b0ff11b0fa0788e2a52884e1c-513.png",
      "width": 513,
    },
  ],
  "placeholder": undefined,
  "src": "foobar/4b6e91e70566b89e601240baf603a350-500.png",
  "srcSet": "foobar/4b6e91e70566b89e601240baf603a350-500.png 500w,foobar/f677a14b0ff11b0fa0788e2a52884e1c-513.png 513w",
  "toString": [Function],
  "width": 500,
}
`;

exports[`png to jpeg with background color 1`] = `
Object {
  "height": 580,
  "images": Array [
    Object {
      "height": 580,
      "path": "foobar/06e7bae0ae188cc9121aa82a068b5d1f-500.jpg",
      "width": 500,
    },
    Object {
      "height": 595,
      "path": "foobar/044a43c1ce8f89e691ac24b270cc3bb5-513.jpg",
      "width": 513,
    },
  ],
  "placeholder": undefined,
  "src": "foobar/06e7bae0ae188cc9121aa82a068b5d1f-500.jpg",
  "srcSet": "foobar/06e7bae0ae188cc9121aa82a068b5d1f-500.jpg 500w,foobar/044a43c1ce8f89e691ac24b270cc3bb5-513.jpg 513w",
  "toString": [Function],
  "width": 500,
}
`;

exports[`single size 1`] = `
Object {
  "height": 450,
  "images": Array [
    Object {
      "height": 450,
      "path": "foobar/9a7bdeb1304946f1fcd4a691409f286a-500.jpg",
      "width": 500,
    },
  ],
  "placeholder": undefined,
  "src": "foobar/9a7bdeb1304946f1fcd4a691409f286a-500.jpg",
  "srcSet": "foobar/9a7bdeb1304946f1fcd4a691409f286a-500.jpg 500w",
  "toString": [Function],
  "width": 500,
}
`;

exports[`with placeholder image 1`] = `
Object {
  "height": 450,
  "images": Array [
    Object {
      "height": 450,
      "path": "foobar/9a7bdeb1304946f1fcd4a691409f286a-500.jpg",
      "width": 500,
    },
    Object {
      "height": 675,
      "path": "foobar/039c81f20aade648de7268c09c91d44d-750.jpg",
      "width": 750,
    },
    Object {
      "height": 900,
      "path": "foobar/d86a05082a1951c67af20f0b453ff981-1000.jpg",
      "width": 1000,
    },
  ],
  "placeholder": "data:image/jpeg;base64,/9j/4AAQSkZJRgABAQAAAQABAAD/2wCEAAIBAQEBAQIBAQECAgICAgQDAgICAgUEBAMEBgUGBgYFBgYGBwkIBgcJBwYGCAsICQoKCgoKBggLDAsKDAkKCgoBAgICAgICBQMDBQoHBgcKCgoKCgoKCgoKCgoKCgoKCgoKCgoKCgoKCgoKCgoKCgoKCgoKCgoKCgoKCgoKCgoKCv/AABEIACQAKAMBEQACEQEDEQH/xAGiAAABBQEBAQEBAQAAAAAAAAAAAQIDBAUGBwgJCgsQAAIBAwMCBAMFBQQEAAABfQECAwAEEQUSITFBBhNRYQcicRQygZGhCCNCscEVUtHwJDNicoIJChYXGBkaJSYnKCkqNDU2Nzg5OkNERUZHSElKU1RVVldYWVpjZGVmZ2hpanN0dXZ3eHl6g4SFhoeIiYqSk5SVlpeYmZqio6Slpqeoqaqys7S1tre4ubrCw8TFxsfIycrS09TV1tfY2drh4uPk5ebn6Onq8fLz9PX29/j5+gEAAwEBAQEBAQEBAQAAAAAAAAECAwQFBgcICQoLEQACAQIEBAMEBwUEBAABAncAAQIDEQQFITEGEkFRB2FxEyIygQgUQpGhscEJIzNS8BVictEKFiQ04SXxFxgZGiYnKCkqNTY3ODk6Q0RFRkdISUpTVFVWV1hZWmNkZWZnaGlqc3R1dnd4eXqCg4SFhoeIiYqSk5SVlpeYmZqio6Slpqeoqaqys7S1tre4ubrCw8TFxsfIycrS09TV1tfY2dri4+Tl5ufo6ery8/T19vf4+fr/2gAMAwEAAhEDEQA/AOI+KP8AwbuWPiHxdZR/Cr4haP4d0B586jKbKdru3hAGI44zIUmJwTuZo9pPRhxXoywkG/d0OVVKjjaTuc9L/wAG0etW3juw1C1/aitL7QlnL30F94UZLgKD8qKFnZJAR1JKdOnPEfUtdGUqjSOh+Kf/AAbRfCXxLYtd/D3456nomqNn5pNJjmtW9MxB1K9+jY9quWEg1o7AqskeN6x/wbo/tY/B/XNG8c/CL4peG/Ft1ZSFtR0+5R9Ok5yCIi7OjjaerFK48Vl061BwT3O/L8esHjIVrbP8D6b/AGZv+CPWtTa9Y+N/2rb7T5be2YSr4S0t/MSVwQQLibGGQY5jQENnl8ZB8zAcPezqKdd3t0X6n0uacXyr0nSwsbX+09/kv1/A/RTVtW0Pwvol74l8Saha2OnafbvcXt9ckJHBEilndyfugAEk+1fVPQ+HufC3xz/4ODP2Pvhnrc+hfC3wxrXjqS3Yq2o2oFhYuw7LJKDI3Pfytp6gmuWeLpxdlqXGnNoufsm/8F3/ANnD9or4k2Xww8aeAdT8DX+rv5WnX13qcd3ZPMckI8gRDFkAYYptycEjqSGLpt2loKVGoz7R0zxl4D8QFDoPi7SL4Sv5UZtL+GXe+Cdo2sctwePY1080e5KLjWUTjYxJyfutwBTA/PH9oj/gnt+3T8SfhXr0/wC1X/wUGm1Dw1o+i3N1c2Fmos7WYRRtIPtIjSJGUFeXcMRjPavPqUsZJO8kkbRnRi72PyPbwVLe3JGnSJdwxqrA2w8zchO0Fh1XnjJwM9685Nzhc6XaErH03+xB/wAEz/jT8bJfEGvxXEfhrUfCGqx2Ys9eikhl84xhyMbcrhWU8+oI61VSk5QfciNVQmr7H3H/AME8f+Cani39nH9pzTvjRqPiGw+w29lPL4hRrwzNealJHPGBGPLTEarMr7jn5gwwODW2FoTVWM3sgq1o8jS6n6HJLbXhEighc/MpXOPxr2dDjOW8QfD3wn4t8O3fhvxXocOp2WqxNBf6XqAE1vco4w0ciMCrgjggggjrWPxaAfMHxJ/4JL+F9d/aM8O/tC/C2Dw94bk0WWNL/SI9AjNpdRRZMTpFHsCSoduCRj5VOPl5554b31KOham+Vp6ne/FX4UfGS4hnsLC2tt2tjZe67YWRW581E+R2ZG3Kdq7A5B25HXAFRiISkk1uELJ6mt+wZ8Nvj3ofwYNh+0Rqc99qlvr14tjq08caS3tnuHlu6IAEOd4AP8IByc5q8NCryNSXXT0HU5Lrl7HuR0WS3DSJKSMdD/WutaRMy7DbrvLlm46DOBVW6gQ3O6KUFJGGDkDNZy+IBmn3EtxHLLMQx3Y5FOGoF6bKQrGGOHPIz9K0ARBuj81icvnd+BxQB//Z",
  "src": "foobar/9a7bdeb1304946f1fcd4a691409f286a-500.jpg",
  "srcSet": "foobar/9a7bdeb1304946f1fcd4a691409f286a-500.jpg 500w,foobar/039c81f20aade648de7268c09c91d44d-750.jpg 750w,foobar/d86a05082a1951c67af20f0b453ff981-1000.jpg 1000w",
  "toString": [Function],
  "width": 500,
}
`;

exports[`with size defined in webpack.config.js 1`] = `
Object {
  "height": 450,
  "images": Array [
    Object {
      "height": 450,
      "path": "foobar/9a7bdeb1304946f1fcd4a691409f286a-500.jpg",
      "width": 500,
    },
    Object {
      "height": 675,
      "path": "foobar/039c81f20aade648de7268c09c91d44d-750.jpg",
      "width": 750,
    },
    Object {
      "height": 900,
      "path": "foobar/d86a05082a1951c67af20f0b453ff981-1000.jpg",
      "width": 1000,
    },
  ],
  "placeholder": undefined,
  "src": "foobar/9a7bdeb1304946f1fcd4a691409f286a-500.jpg",
  "srcSet": "foobar/9a7bdeb1304946f1fcd4a691409f286a-500.jpg 500w,foobar/039c81f20aade648de7268c09c91d44d-750.jpg 750w,foobar/d86a05082a1951c67af20f0b453ff981-1000.jpg 1000w",
  "toString": [Function],
  "width": 500,
}
`;
